// Jest Snapshot v1, https://goo.gl/fbAQLP

exports[`It should render the Gallery component as expected 1`] = `
<div
  className="gallery"
>
  <div
    className="landing"
  >
    <h2>
      Pictures & Art For Sale
    </h2>
  </div>
  <div
    className="panel"
  >
    <h2>
      Gallery
    </h2>
  </div>
</div>
`;
