// Jest Snapshot v1, https://goo.gl/fbAQLP

exports[`It should render the Header component as expected 1`] = `
<div
  className="header"
>
  <div
    className="header-background"
    style={
      Object {
        "height": 150,
        "opacity": 0,
        "transition": "all 0.5s",
      }
    }
  />
  <img
    alt="Goldilocks Bear"
    className="logo"
    src="public/images/goldilocksheader.gif"
    style={
      Object {
        "top": 25,
        "transform": "scale(0.75)",
        "transition": "all 0.5s",
      }
    }
  />
  <div
    className="nav"
    style={
      Object {
        "paddingTop": 45,
        "transition": "all 0.5s",
      }
    }
  >
    <DropBtn />
  </div>
</div>
`;
