// Jest Snapshot v1, https://goo.gl/fbAQLP

exports[`It should render the Header component as expected 1`] = `
<div
  className="header"
>
  <div
    className="header-background"
    style={
      Object {
        "height": 200,
        "opacity": 0,
        "transition": "all 0.3s ease-out",
      }
    }
  />
  <div
    className="drop-btn "
    onClick={[Function]}
    style={
      Object {
        "paddingTop": 45,
        "transition": "all 0.3s ease-out",
      }
    }
  >
    <div
      className="bar1"
    />
    <div
      className="bar2"
    />
    <div
      className="bar3"
    />
  </div>
  <img
    alt="Goldilocks Bear"
    className="logo"
    src="public/images/goldilocksheader.gif"
    style={
      Object {
        "top": 40,
        "transform": "scale(1)",
        "transition": "all 0.3s ease-out",
      }
    }
  />
  <div
    className="nav-links"
    onClick={[Function]}
    style={
      Object {
        "paddingTop": 45,
        "transition": "all 0.3s ease-out",
      }
    }
  >
    <Links />
  </div>
</div>
`;
