// Jest Snapshot v1, https://goo.gl/fbAQLP

exports[`It should render the Contact component as expected 1`] = `
<div
  className="contact"
>
  <div
    className="landing"
  >
    <h2>
      Contact me!
    </h2>
  </div>
  <div
    className="panel"
  >
    <h2>
      Contact
    </h2>
  </div>
</div>
`;
